NOCHANGE includes/codehub_bootstrap.php
UPDATED includes/codehub_bootstrap.php (backup: codehub_bootstrap.php.bak-20250902070734)
NOCHANGE codehub\download_raw.php
NOCHANGE codehub\index.php
NOCHANGE codehub\snippets.php
NOCHANGE codehub\snippet_delete.php
NOCHANGE codehub\snippet_form.php
NOCHANGE codehub\snippet_view.php
NOCHANGE codehub\star.php
NOCHANGE codehub\version_restore.php
NOCHANGE codehub\version_view.php
NOCHANGE includes/branding.php
NOCHANGE includes/branding.php
NOCHANGE includes/branding.php
NOCHANGE includes/settings.php
NOCHANGE includes/settings.php
NOCHANGE includes/settings.php
NOCHANGE includes/header.php
UPDATED config/config.php (backup: config.php.bak-20250902070734)
NOCHANGE database/schema.sql
KEEP (exists): public/assets/css/fonts.css
KEEP (exists): public/assets/readystudio-theme.css
KEEP (exists): codehub/codehub-fonts-patch.css
ERROR template missing: C:\xampp\htdocs\readycrm/migrations/001_settings_unify.sql